node.exe : npm warn Unknown env config "devdir". This will stop working in the next major version of npm. See `npm 
help npmrc` for supported config options.
At line:1 char:1
+ & "C:\Program Files\nodejs/node.exe" "C:\Program Files\nodejs/node_mo ...
+ ~~~~~~~~~~~~~~~~~~~~~~~~~~~~~~~~~~~~~~~~~~~~~~~~~~~~~~~~~~~~~~~~~~~~~
    + CategoryInfo          : NotSpecified: (npm warn Unknow...config options.:String) [], RemoteException
    + FullyQualifiedErrorId : NativeCommandError
 

> fos-erp-backend@1.0.0 build:app
> prisma generate && node scripts/clean-dist.mjs && node --max-old-space-size=8192 ./node_modules/typescript/bin/tsc --incremental false && node scripts/verify-dist-critical.mjs

warn The configuration property `package.json#prisma` is deprecated and will be removed in Prisma 7. Please migrate to 
a Prisma config file (e.g., `prisma.config.ts`).
For more information, see: https://pris.ly/prisma-config

Environment variables loaded from .env
Prisma schema loaded from prisma\schema.prisma

Γ£ö Generated Prisma Client (v6.19.3) to .\node_modules\@prisma\client in 62.18s

Start by importing your Prisma Client (See: https://pris.ly/d/importing-client)

Tip: Want to turn off tips and other hints? https://pris.ly/tip-4-nohints

Removed dist/
Removed tsconfig.tsbuildinfo
Verified critical dist modules: dist/server.js, dist/app.js, dist/config/prisma.js, dist/config/env.js
